Starting to launch sample...
Attempting to get credentials from secrets using Boto3...
Processing arguments...
JSON config file loaded!
About to launch sample...
Launching sample...
